--- Creating Job Seeker ---
Calling: http://127.0.0.1:8000/api/v1/auth/dev-token?telegram_id=12345&role=job_seeker
Status: 200
Token received. User ID: 1
Verifying session via /auth/me...
/auth/me status: 401
Me error: {"detail":"Could not validate credentials"}

Test initialization finished.
